
> vite_react_shadcn_ts@0.0.0 build
> vite build

node.exe : 'vite' is 
not recognized as an 
internal or external 
command,
At line:1 char:1
+ & "C:\Program 
Files\nodejs/node.exe" "
C:\Users\VICTUS\AppData\
Roaming ...
+ ~~~~~~~~~~~~~~~~~~~~~~
~~~~~~~~~~~~~~~~~~~~~~~~
~~~~~~~~~~~~~~~~~~~~~~~
    + CategoryInfo      
        : NotSpecified  
  : ('vite' is not r.   
 ..ternal command,:S    
tring) [], RemoteEx    
ception
    + FullyQualifiedErr 
   orId : NativeComman  
  dError
 
operable program or 
batch file.
